==15566== Memcheck, a memory error detector
==15566== Copyright (C) 2002-2017, and GNU GPL'd, by Julian Seward et al.
==15566== Using Valgrind-3.18.1 and LibVEX; rerun with -h for copyright info
==15566== Command: /usr/lib/R/bin/exec/R --vanilla -f dev/se.R
==15566== 

R version 4.4.0 (2024-04-24) -- "Puppy Cup"
Copyright (C) 2024 The R Foundation for Statistical Computing
Platform: x86_64-pc-linux-gnu

R is free software and comes with ABSOLUTELY NO WARRANTY.
You are welcome to redistribute it under certain conditions.
Type 'license()' or 'licence()' for distribution details.

  Natural language support but running in an English locale

R is a collaborative project with many contributors.
Type 'contributors()' for more information and
'citation()' on how to cite R or R packages in publications.

Type 'demo()' for some demos, 'help()' for on-line help, or
'help.start()' for an HTML browser interface to help.
Type 'q()' to quit R.

> library(fixest2)
> 
> lhs = 'y1'
> rhs = 'x3'
> all_rhs = c('', 'x2', 'x3')
> n_rhs = 1
> k = 1
> 
> base = readRDS("dev/base.rds")
> 
> # try to create a memory leak by repetition
> for (i in 1:3) {
+   est_multi <- feols(c(y1, y2) ~ x1 + csw0(x2, x3) + x4 | species + fe2, base, fsplit = ~species)
+ }
NOTE: 2 observations removed because of NA values (Fixed-effects: 2).
      |-> this msg only concerns the variables common to all estimations
NOTE: 2 observations removed because of NA values (Fixed-effects: 2).
      |-> this msg only concerns the variables common to all estimations
NOTE: 2 observations removed because of NA values (Fixed-effects: 2).
      |-> this msg only concerns the variables common to all estimations
> # ok
> 
> # try to create a memory leak by repetition
> for (i in 1:3) {
+   mat <- coeftable(object = est_multi[[1]],
+       vcov = NULL, ssc = NULL, cluster = "fe3",
+       keep = NULL, drop = NULL, order = NULL)
+ 
+   mat[, 2]
+ }
> # problem
> 
==15566== 
==15566== HEAP SUMMARY:
==15566==     in use at exit: 112,708,152 bytes in 19,863 blocks
==15566==   total heap usage: 66,016 allocs, 46,153 frees, 176,073,974 bytes allocated
==15566== 
==15566== LEAK SUMMARY:
==15566==    definitely lost: 0 bytes in 0 blocks
==15566==    indirectly lost: 0 bytes in 0 blocks
==15566==      possibly lost: 0 bytes in 0 blocks
==15566==    still reachable: 112,708,152 bytes in 19,863 blocks
==15566==                       of which reachable via heuristic:
==15566==                         newarray           : 4,264 bytes in 1 blocks
==15566==         suppressed: 0 bytes in 0 blocks
==15566== Reachable blocks (those to which a pointer was found) are not shown.
==15566== To see them, rerun with: --leak-check=full --show-leak-kinds=all
==15566== 
==15566== ERROR SUMMARY: 0 errors from 0 contexts (suppressed: 0 from 0)
